// Jest Snapshot v1, https://goo.gl/fbAQLP

exports[`Component: AuthBookstore should match the snapshot 1`] = `
Array [
  <div
    className="header-container text-center"
  >
    <h3
      className="font-weight-bold"
    >
      My Bookstore
    </h3>
  </div>,
  <div
    className="mt-4"
  >
    <div
      className="container"
      data-test="container"
    >
      <div
        className="row justify-content-center"
        data-test="row"
      >
        <div
          className="col-sm-12"
          data-test="col"
        >
          <div>
            There are no books in this bookstore...
          </div>
        </div>
      </div>
    </div>
  </div>,
]
`;
