// Jest Snapshot v1, https://goo.gl/fbAQLP

exports[`Component: AccountNotificationForm should match the snapshot 1`] = `
Array [
  <h3
    className="mb-4 font-weight-bold"
  >
    Notifications Settings
  </h3>,
  <div
    className="custom-control custom-checkbox my-3"
  >
    <input
      checked={false}
      className="custom-control-input"
      id="defaultInline1"
      name="receiveEmail"
      onChange={[Function]}
      type="checkbox"
    />
    <label
      className="custom-control-label"
      htmlFor="defaultInline1"
    >
      Receive Emails
    </label>
  </div>,
  <div
    className="custom-control custom-checkbox my-3"
  >
    <input
      checked={false}
      className="custom-control-input"
      id="defaultInline2"
      name="receiveSms"
      onChange={[Function]}
      type="checkbox"
    />
    <label
      className="custom-control-label"
      htmlFor="defaultInline2"
    >
      Receive Text Messages
    </label>
  </div>,
  <div>
    <button
      className="btn-default btn Ripple-parent"
      data-test="button"
      onClick={[Function]}
      onMouseUp={[Function]}
      onTouchStart={[Function]}
      type="button"
    >
      Save Changes
      <div
        className="Ripple "
        data-test="waves"
        style={
          Object {
            "height": "0px",
            "left": "0px",
            "top": "0px",
            "width": "0px",
          }
        }
      />
    </button>
  </div>,
]
`;
